
Merging object attributes


There are no discarded input sections

Memory Configuration

Name             Origin             Length             Attributes
FLASH            0x08000000         0x00100000         xr
RAM              0x24000000         0x00080000         xrw
*default*        0x00000000         0xffffffff

Linker script and memory map


.text           0x08000000      0x33c
                0x08000000                        _start_text = .
 *(.isr_vector)
 .isr_vector    0x08000000      0x298 startup_h755ziq.o
                0x08000000                IV
 *(.text*)
 .text          0x08000298       0xa4 startup_h755ziq.o
                0x08000298                isr_reset
                0x080002f8                isr_fault
                0x08000300                isr_svc
                0x0800030c                isr_empty
                0x08000318                main
 *(.rodata*)
                0x0800033c                        . = ALIGN (0x4)
                0x0800033c                        _end_text = .
                0x0800033c                        _stored_data = .

.glue_7         0x0800033c        0x0
 .glue_7        0x0800033c        0x0 linker stubs

.glue_7t        0x0800033c        0x0
 .glue_7t       0x0800033c        0x0 linker stubs

.vfp11_veneer   0x0800033c        0x0
 .vfp11_veneer  0x0800033c        0x0 linker stubs

.v4_bx          0x0800033c        0x0
 .v4_bx         0x0800033c        0x0 linker stubs

.iplt           0x0800033c        0x0
 .iplt          0x0800033c        0x0 startup_h755ziq.o

.rel.dyn        0x0800033c        0x0
 .rel.iplt      0x0800033c        0x0 startup_h755ziq.o

.data           0x24000000        0x4 load address 0x0800033c
                0x24000000                        _start_data = .
 *(.data*)
 .data          0x24000000        0x4 startup_h755ziq.o
                0x24000004                        . = ALIGN (0x4)
                0x24000004                        _end_data = .

.igot.plt       0x24000004        0x0 load address 0x08000340
 .igot.plt      0x24000004        0x0 startup_h755ziq.o

.bss            0x24000004        0x4 load address 0x08000340
                0x24000004                        _start_bss = .
 *(.bss*)
 .bss           0x24000004        0x4 startup_h755ziq.o
                0x24000008                        . = ALIGN (0x4)
                0x24000008                        _end_bss = .
                0x24000008                        _end = .
                0x24080000                        END_STACK = (ORIGIN (RAM) + LENGTH (RAM))
LOAD startup_h755ziq.o
OUTPUT(image.elf elf32-littlearm)
LOAD linker stubs

.debug_info     0x00000000      0x19a
 .debug_info    0x00000000      0x19a startup_h755ziq.o

.debug_abbrev   0x00000000      0x108
 .debug_abbrev  0x00000000      0x108 startup_h755ziq.o

.debug_aranges  0x00000000       0x20
 .debug_aranges
                0x00000000       0x20 startup_h755ziq.o

.debug_line     0x00000000       0xfa
 .debug_line    0x00000000       0xfa startup_h755ziq.o

.debug_str      0x00000000      0x180
 .debug_str     0x00000000      0x180 startup_h755ziq.o
                                0x1bd (size before relaxing)

.comment        0x00000000       0x1a
 .comment       0x00000000       0x1a startup_h755ziq.o
                                 0x1b (size before relaxing)

.ARM.attributes
                0x00000000       0x2d
 .ARM.attributes
                0x00000000       0x2d startup_h755ziq.o

.debug_frame    0x00000000       0xa0
 .debug_frame   0x00000000       0xa0 startup_h755ziq.o
